
======================================================================
Traceback (most recent call last):
  File "D:\trading_engins\test_engine.py", line 362, in <module>
    print(f"{BOLD}\U0001f52c VELORA ENGINE TEST SUITE{RESET}")
    ~~~~~^^^^^^^^^^^^^^^^^^^^^^^^^^^^^^^^^^^^^^^^^^^^^
  File "C:\Users\rishi\AppData\Local\Python\pythoncore-3.14-64\Lib\encodings\cp1252.py", line 19, in encode
    return codecs.charmap_encode(input,self.errors,encoding_table)[0]
           ~~~~~~~~~~~~~~~~~~~~~^^^^^^^^^^^^^^^^^^^^^^^^^^^^^^^^^^
UnicodeEncodeError: 'charmap' codec can't encode character '\U0001f52c' in position 4: character maps to <undefined>
